------------------------------------------------------------
TimeQuest Timing Analyzer Summary
------------------------------------------------------------

Type  : Slow 1200mV 85C Model Setup 'inst482'
Slack : -5.822
TNS   : -177.368

Type  : Slow 1200mV 85C Model Setup 'inst412'
Slack : -2.818
TNS   : -2.818

Type  : Slow 1200mV 85C Model Setup 'inst439'
Slack : -2.565
TNS   : -2.565

Type  : Slow 1200mV 85C Model Setup 'inst413'
Slack : -2.533
TNS   : -2.533

Type  : Slow 1200mV 85C Model Setup 'CLK'
Slack : -2.333
TNS   : -2.333

Type  : Slow 1200mV 85C Model Hold 'inst439'
Slack : 0.259
TNS   : 0.000

Type  : Slow 1200mV 85C Model Hold 'inst412'
Slack : 0.383
TNS   : 0.000

Type  : Slow 1200mV 85C Model Hold 'inst413'
Slack : 0.384
TNS   : 0.000

Type  : Slow 1200mV 85C Model Hold 'inst482'
Slack : 0.390
TNS   : 0.000

Type  : Slow 1200mV 85C Model Hold 'CLK'
Slack : 0.848
TNS   : 0.000

Type  : Slow 1200mV 85C Model Minimum Pulse Width 'CLK'
Slack : -3.000
TNS   : -4.000

Type  : Slow 1200mV 85C Model Minimum Pulse Width 'inst482'
Slack : -2.174
TNS   : -49.522

Type  : Slow 1200mV 85C Model Minimum Pulse Width 'inst412'
Slack : -1.000
TNS   : -1.000

Type  : Slow 1200mV 85C Model Minimum Pulse Width 'inst413'
Slack : -1.000
TNS   : -1.000

Type  : Slow 1200mV 85C Model Minimum Pulse Width 'inst439'
Slack : -1.000
TNS   : -1.000

Type  : Slow 1200mV 0C Model Setup 'inst482'
Slack : -5.133
TNS   : -157.800

Type  : Slow 1200mV 0C Model Setup 'inst412'
Slack : -2.500
TNS   : -2.500

Type  : Slow 1200mV 0C Model Setup 'inst439'
Slack : -2.276
TNS   : -2.276

Type  : Slow 1200mV 0C Model Setup 'inst413'
Slack : -2.252
TNS   : -2.252

Type  : Slow 1200mV 0C Model Setup 'CLK'
Slack : -1.922
TNS   : -1.922

Type  : Slow 1200mV 0C Model Hold 'inst439'
Slack : 0.259
TNS   : 0.000

Type  : Slow 1200mV 0C Model Hold 'inst413'
Slack : 0.341
TNS   : 0.000

Type  : Slow 1200mV 0C Model Hold 'inst482'
Slack : 0.347
TNS   : 0.000

Type  : Slow 1200mV 0C Model Hold 'inst412'
Slack : 0.362
TNS   : 0.000

Type  : Slow 1200mV 0C Model Hold 'CLK'
Slack : 0.760
TNS   : 0.000

Type  : Slow 1200mV 0C Model Minimum Pulse Width 'CLK'
Slack : -3.000
TNS   : -4.000

Type  : Slow 1200mV 0C Model Minimum Pulse Width 'inst482'
Slack : -2.174
TNS   : -49.522

Type  : Slow 1200mV 0C Model Minimum Pulse Width 'inst412'
Slack : -1.000
TNS   : -1.000

Type  : Slow 1200mV 0C Model Minimum Pulse Width 'inst413'
Slack : -1.000
TNS   : -1.000

Type  : Slow 1200mV 0C Model Minimum Pulse Width 'inst439'
Slack : -1.000
TNS   : -1.000

Type  : Fast 1200mV 0C Model Setup 'inst482'
Slack : -3.121
TNS   : -85.116

Type  : Fast 1200mV 0C Model Setup 'inst412'
Slack : -1.394
TNS   : -1.394

Type  : Fast 1200mV 0C Model Setup 'inst439'
Slack : -1.242
TNS   : -1.242

Type  : Fast 1200mV 0C Model Setup 'inst413'
Slack : -1.222
TNS   : -1.222

Type  : Fast 1200mV 0C Model Setup 'CLK'
Slack : -0.703
TNS   : -0.703

Type  : Fast 1200mV 0C Model Hold 'inst439'
Slack : 0.096
TNS   : 0.000

Type  : Fast 1200mV 0C Model Hold 'inst412'
Slack : 0.187
TNS   : 0.000

Type  : Fast 1200mV 0C Model Hold 'inst482'
Slack : 0.200
TNS   : 0.000

Type  : Fast 1200mV 0C Model Hold 'inst413'
Slack : 0.206
TNS   : 0.000

Type  : Fast 1200mV 0C Model Hold 'CLK'
Slack : 0.251
TNS   : 0.000

Type  : Fast 1200mV 0C Model Minimum Pulse Width 'CLK'
Slack : -3.000
TNS   : -4.164

Type  : Fast 1200mV 0C Model Minimum Pulse Width 'inst482'
Slack : -1.000
TNS   : -46.000

Type  : Fast 1200mV 0C Model Minimum Pulse Width 'inst412'
Slack : -1.000
TNS   : -1.000

Type  : Fast 1200mV 0C Model Minimum Pulse Width 'inst413'
Slack : -1.000
TNS   : -1.000

Type  : Fast 1200mV 0C Model Minimum Pulse Width 'inst439'
Slack : -1.000
TNS   : -1.000

------------------------------------------------------------
